# Examples from React accessibility

From [React accessibility](https://reactjs.org/docs/accessibility.html):

<input
  type="text"
  aria-label={labelText}
  aria-required="true"
  onChange={onchangeHandler}
  value={inputValue}
  name="name"
/>

<>
  <dt>{item.term}</dt>
  <dd>{item.description}</dd>
</>

<dl>
  {props.items.map(item => (
    <ListItem item={item} key={item.id} />
  ))}
</dl>

<dl>
  {props.items.map(item => (
    // Fragments should also have a `key` prop when mapping collections
    <Fragment key={item.id}>
      <dt>{item.term}</dt>
      <dd>{item.description}</dd>
    </Fragment>
  ))}
</dl>

<label htmlFor="namedInput">Name:</label>

<input
  id="namedInput"
  type="text"
  name="name"
/>

<div ref={this.toggleContainer}>
  <button onClick={this.onClickHandler}>Select an option</button>

  {this.state.isOpen && (
    <ul>
      <li>Option 1</li>
      <li>Option 2</li>
      <li>Option 3</li>
    </ul>
  )}
</div>

<div
  onBlur={this.onBlurHandler}
  onFocus={this.onFocusHandler}
>
  <button
    onClick={this.onClickHandler}
    aria-haspopup="true"
    aria-expanded={this.state.isOpen}
  >
    Select an option
  </button>

  {this.state.isOpen && (
    <ul>
      <li>Option 1</li>
      <li>Option 2</li>
      <li>Option 3</li>
    </ul>
  )}
</div>
