# Examples from JSX

From [jsx](https://facebook.github.io/jsx/).

<Dropdown>
  A dropdown list

  <Menu>
    <MenuItem>Do Something</MenuItem>
    <MenuItem>Do Something Fun!</MenuItem>
    <MenuItem>Do Something Else</MenuItem>
  </Menu>
</Dropdown>

<Box>
  {
    shouldShowAnswer(user) ?
    <Answer value={false}>no</Answer> :
    <Box.Comment>
       Text Content
    </Box.Comment>
  }
</Box>
